DEBUG tests/libex29_tests.c:71: ----- RUNNING: ./tests/libex29_tests
DEBUG tests/libex29_tests.c:62: 
----- test_dlopen
DEBUG tests/libex29_tests.c:63: 
----- test_functions
DEBUG tests/libex29_tests.c:64: 
----- test_failures
DEBUG tests/libex29_tests.c:65: 
----- test_failures
DEBUG tests/libex29_tests.c:66: 
----- test_dlclose
